{
  "version": "1.5.0",
  "plugins_used": [
    {
      "name": "ArtifactoryDetector"
    },
    {
      "name": "AWSKeyDetector"
    },
    {
      "name": "AzureStorageKeyDetector"
    },
    {
      "name": "Base64HighEntropyString",
      "limit": 4.5
    },
    {
      "name": "BasicAuthDetector"
    },
    {
      "name": "CloudantDetector"
    },
    {
      "name": "DiscordBotTokenDetector"
    },
    {
      "name": "GitHubTokenDetector"
    },
    {
      "name": "GitLabTokenDetector"
    },
    {
      "name": "HexHighEntropyString",
      "limit": 3.0
    },
    {
      "name": "IbmCloudIamDetector"
    },
    {
      "name": "IbmCosHmacDetector"
    },
    {
      "name": "IPPublicDetector"
    },
    {
      "name": "JwtTokenDetector"
    },
    {
      "name": "KeywordDetector",
      "keyword_exclude": ""
    },
    {
      "name": "MailchimpDetector"
    },
    {
      "name": "NpmDetector"
    },
    {
      "name": "OpenAIDetector"
    },
    {
      "name": "PrivateKeyDetector"
    },
    {
      "name": "PypiTokenDetector"
    },
    {
      "name": "SendGridDetector"
    },
    {
      "name": "SlackDetector"
    },
    {
      "name": "SoftlayerDetector"
    },
    {
      "name": "SquareOAuthDetector"
    },
    {
      "name": "StripeDetector"
    },
    {
      "name": "TelegramBotTokenDetector"
    },
    {
      "name": "TwilioKeyDetector"
    }
  ],
  "filters_used": [
    {
      "path": "detect_secrets.filters.allowlist.is_line_allowlisted"
    },
    {
      "path": "detect_secrets.filters.common.is_baseline_file",
      "filename": ".secrets.baseline"
    },
    {
      "path": "detect_secrets.filters.common.is_ignored_due_to_verification_policies",
      "min_level": 2
    },
    {
      "path": "detect_secrets.filters.heuristic.is_indirect_reference"
    },
    {
      "path": "detect_secrets.filters.heuristic.is_likely_id_string"
    },
    {
      "path": "detect_secrets.filters.heuristic.is_lock_file"
    },
    {
      "path": "detect_secrets.filters.heuristic.is_not_alphanumeric_string"
    },
    {
      "path": "detect_secrets.filters.heuristic.is_potential_uuid"
    },
    {
      "path": "detect_secrets.filters.heuristic.is_prefixed_with_dollar_sign"
    },
    {
      "path": "detect_secrets.filters.heuristic.is_sequential_string"
    },
    {
      "path": "detect_secrets.filters.heuristic.is_swagger_file"
    },
    {
      "path": "detect_secrets.filters.heuristic.is_templated_secret"
    }
  ],
  "results": {
    "alembic.ini": [
      {
        "type": "Basic Auth Credentials",
        "filename": "alembic.ini",
        "hashed_secret": "5baa61e4c9b93f3f0682250b6cf8331b7ee68fd8",
        "is_verified": false,
        "line_number": 88
      }
    ],
    "alembic/versions/1a0273548ba5_add_stripe_customer_id_to_subscriptions.py": [
      {
        "type": "Hex High Entropy String",
        "filename": "alembic/versions/1a0273548ba5_add_stripe_customer_id_to_subscriptions.py",
        "hashed_secret": "18aa2c38125a3db7938f4eaac547a1d9a216ea97",
        "is_verified": false,
        "line_number": 15
      }
    ],
    "alembic/versions/48554409b67f_add_encrypted_anthropic_api_key_to_users.py": [
      {
        "type": "Hex High Entropy String",
        "filename": "alembic/versions/48554409b67f_add_encrypted_anthropic_api_key_to_users.py",
        "hashed_secret": "e6cbd8950a4a8a3cd8edd40ba370141bc59b64af",
        "is_verified": false,
        "line_number": 15
      }
    ],
    "alembic/versions/c669ca4bf473_rollback_posthog_add_practice_data_.py": [
      {
        "type": "Hex High Entropy String",
        "filename": "alembic/versions/c669ca4bf473_rollback_posthog_add_practice_data_.py",
        "hashed_secret": "012347aa1f35570652644123201b04fb1680a2d7",
        "is_verified": false,
        "line_number": 15
      }
    ],
    "alembic/versions/d4e5f6a7b8c9_add_posthog_key_to_user_preferences.py": [
      {
        "type": "Hex High Entropy String",
        "filename": "alembic/versions/d4e5f6a7b8c9_add_posthog_key_to_user_preferences.py",
        "hashed_secret": "9d7711abfa1f07e829f8ffd195f6679b8327ecf7",
        "is_verified": false,
        "line_number": 15
      }
    ],
    "app/__init__.py": [
      {
        "type": "Base64 High Entropy String",
        "filename": "app/__init__.py",
        "hashed_secret": "b3059f156ca52c950a64e5b55a05d863d43db445",
        "is_verified": false,
        "line_number": 312
      },
      {
        "type": "Secret Keyword",
        "filename": "app/__init__.py",
        "hashed_secret": "68ecd55909eca54d037b14ff919788af657a6aa5",
        "is_verified": false,
        "line_number": 313
      }
    ],
    "app/routes_v2.py": [
      {
        "type": "Secret Keyword",
        "filename": "app/routes_v2.py",
        "hashed_secret": "cbfdac6008f9cab4083784cbd1874f76618d2a97",
        "is_verified": false,
        "line_number": 1388
      },
      {
        "type": "Base64 High Entropy String",
        "filename": "app/routes_v2.py",
        "hashed_secret": "b68fc7557f77ffdaf8a812bbecde213f1933e088",
        "is_verified": false,
        "line_number": 1428
      },
      {
        "type": "Secret Keyword",
        "filename": "app/routes_v2.py",
        "hashed_secret": "72559b51f94a7a3ad058c5740cbe2f7cb0d4080b",
        "is_verified": false,
        "line_number": 1526
      },
      {
        "type": "Secret Keyword",
        "filename": "app/routes_v2.py",
        "hashed_secret": "a240a1757ef2e0abf3f252dccec6895fc90d6385",
        "is_verified": false,
        "line_number": 1894
      },
      {
        "type": "Secret Keyword",
        "filename": "app/routes_v2.py",
        "hashed_secret": "c7a8c334eef5d1749fface7d42c66f9ae5e8cf36",
        "is_verified": false,
        "line_number": 2091
      },
      {
        "type": "Secret Keyword",
        "filename": "app/routes_v2.py",
        "hashed_secret": "36702196c9478653283976f07215224f2fabe522",
        "is_verified": false,
        "line_number": 2668
      },
      {
        "type": "Secret Keyword",
        "filename": "app/routes_v2.py",
        "hashed_secret": "c3ec80780821e03bacbdbe68e6a8694c27302e0e",
        "is_verified": false,
        "line_number": 2669
      }
    ],
    "app/static/js/auth.js": [
      {
        "type": "Base64 High Entropy String",
        "filename": "app/static/js/auth.js",
        "hashed_secret": "b68fc7557f77ffdaf8a812bbecde213f1933e088",
        "is_verified": false,
        "line_number": 1
      }
    ],
    "app/static/js/components/LoginPage.jsx": [
      {
        "type": "Base64 High Entropy String",
        "filename": "app/static/js/components/LoginPage.jsx",
        "hashed_secret": "b68fc7557f77ffdaf8a812bbecde213f1933e088",
        "is_verified": false,
        "line_number": 9
      }
    ],
    "app/static/js/main.js": [
      {
        "type": "Hex High Entropy String",
        "filename": "app/static/js/main.js",
        "hashed_secret": "0f869632dedf073cb0587e8dfa43ec94c872abfc",
        "is_verified": false,
        "line_number": 64
      },
      {
        "type": "Base64 High Entropy String",
        "filename": "app/static/js/main.js",
        "hashed_secret": "1f32d7b503210e7ab069973646b847bb7f793b15",
        "is_verified": false,
        "line_number": 86
      },
      {
        "type": "Base64 High Entropy String",
        "filename": "app/static/js/main.js",
        "hashed_secret": "1d278d3c888d1a2fa7eed622bfc02927ce4049af",
        "is_verified": false,
        "line_number": 204
      }
    ]
  },
  "generated_at": "2026-02-22T20:48:21Z"
}
